// Jest Snapshot v1, https://goo.gl/fbAQLP

exports[`counter increment and decrement works correctly 1`] = `
<div
  className="container"
>
  <div
    className="click"
  >
    Clicks: 
    0
  </div>
  <div>
    <button
      className="button-style"
      onClick={[Function]}
    >
      Increment
    </button>
    <button
      className="button-style"
      onClick={[Function]}
    >
      Decrement
    </button>
  </div>
</div>
`;
